// Jest Snapshot v1, https://goo.gl/fbAQLP

exports[`<Menu /> Should match snapshot 1`] = `
<div>
  <aside
    class="sc-bdfBwQ kvXtJj"
  >
    <div
      class="sc-gsTCUz LQcIy"
    />
    <nav
      class="sc-dlfnbm efGIcZ"
    >
      <ul
        class="sc-hKgILt dCLLof"
      >
        <li
          class="sc-eCssSg"
        >
          <a
            aria-current="page"
            class="sc-jSgupP hgGPFK active"
            href="/"
          >
            Main Page
          </a>
        </li>
      </ul>
    </nav>
  </aside>
</div>
`;
